
> @prc/report-package@1.0.0 build
> npm run build:blocks && npm run build:inspector-panel


> @prc/report-package@1.0.0 build:blocks
> wp-scripts build --experimental-modules --webpack-copy-php && wp-scripts build-blocks-manifest

assets by path report-pagination/ 21.1 KiB
  assets by chunk 11.1 KiB (name: report-pagination/index) 4 assets
  assets by chunk 2.4 KiB (id hint: style)
    asset report-pagination/style-index-rtl.css 1.2 KiB [compared for emit] (name: report-pagination/style-index) (id hint: style)
    asset report-pagination/style-index.css 1.2 KiB [compared for emit] (name: report-pagination/style-index) (id hint: style)
  asset report-pagination/class-report-pagination.php 5.29 KiB [compared for emit] [from: src/report-pagination/class-report-pagination.php] [copied]
  asset report-pagination/block.json 2.32 KiB [compared for emit] [from: src/report-pagination/block.json] [copied]
assets by path report-materials/ 18 KiB
  assets by chunk 7.88 KiB (name: report-materials/index) 4 assets
  assets by chunk 2.46 KiB (name: report-materials/style-index)
    asset report-materials/style-index-rtl.css 1.23 KiB [compared for emit] (name: report-materials/style-index) (id hint: style)
    asset report-materials/style-index.css 1.23 KiB [compared for emit] (name: report-materials/style-index) (id hint: style)
  asset report-materials/class-report-materials.php 6.11 KiB [compared for emit] [from: src/report-materials/class-report-materials.php] [copied]
  asset report-materials/block.json 1.54 KiB [compared for emit] [from: src/report-materials/block.json] [copied]
Entrypoint report-materials/index 10.3 KiB = 6 assets
Entrypoint report-pagination/index 13.5 KiB = 6 assets
orphan modules 248 KiB (javascript) 3.66 KiB (runtime) [orphan] 369 modules
runtime modules 5.58 KiB 8 modules
built modules 2.51 KiB (css/mini-extract) 34.9 KiB (javascript) [built]
  cacheable modules 2.51 KiB
    modules by path ./src/report-materials/ 1.23 KiB
      css ../../node_modules/css-loader/dist/cjs.js??ruleSet[1].rules[3].use[1]!../../node_modules/postcss-loader/dist/cjs.js??ruleSet[1].rules[3].use[2]!../../node_modules/sass-loader/dist/cjs.js??ruleSet[1].rules[3].use[3]!./src/report-materials/style.scss 1.23 KiB [built] [code generated]
      css ../../node_modules/css-loader/dist/cjs.js??ruleSet[1].rules[3].use[1]!../../node_modules/postcss-loader/dist/cjs.js??ruleSet[1].rules[3].use[2]!../../node_modules/sass-loader/dist/cjs.js??ruleSet[1].rules[3].use[3]!./src/report-materials/editor.scss 0 bytes [built] [code generated]
    modules by path ./src/report-pagination/ 1.28 KiB
      css ../../node_modules/css-loader/dist/cjs.js??ruleSet[1].rules[3].use[1]!../../node_modules/postcss-loader/dist/cjs.js??ruleSet[1].rules[3].use[2]!../../node_modules/sass-loader/dist/cjs.js??ruleSet[1].rules[3].use[3]!./src/report-pagination/style.scss 1.2 KiB [built] [code generated]
      css ../../node_modules/css-loader/dist/cjs.js??ruleSet[1].rules[3].use[1]!../../node_modules/postcss-loader/dist/cjs.js??ruleSet[1].rules[3].use[2]!../../node_modules/sass-loader/dist/cjs.js??ruleSet[1].rules[3].use[3]!./src/report-pagination/editor.scss 88 bytes [built] [code generated]
  javascript modules 34.9 KiB
    ./src/report-materials/index.js + 18 modules 14.7 KiB [not cacheable] [built] [code generated]
    ./src/report-pagination/index.js + 20 modules 20.2 KiB [not cacheable] [built] [code generated]
webpack 5.106.2 compiled successfully in 3267 ms

webpack 5.106.2 compiled successfully in 38 ms
Block metadata PHP file generated at: build/blocks-manifest.php

> @prc/report-package@1.0.0 build:inspector-panel
> wp-scripts build --source-path=includes/inspector-sidebar-panel/src --output-path=includes/inspector-sidebar-panel/build

asset index.js 31.2 KiB [compared for emit] [minimized] (name: index)
asset index.asset.php 397 bytes [compared for emit] (name: index)
Entrypoint index 31.6 KiB = index.js 31.2 KiB index.asset.php 397 bytes
orphan modules 272 KiB [orphan] 352 modules
runtime modules 663 bytes 3 modules
./includes/inspector-sidebar-panel/src/index.js + 45 modules 69.2 KiB [not cacheable] [built] [code generated]
webpack 5.106.2 compiled successfully in 2475 ms
